
> 247GBS-ExpoBackend@0.0.1 build
> nest build

node.exe : [96msrc/dash
board/business/event/eve
nt.service.ts[0m:[93m4
14[0m:[93m66[0m - 
[91merror[0m[90m 
TS2304: [0mCannot find 
name 
'CreateTicketTierDto'.
At line:1 char:1
+ & "C:\Program 
Files\nodejs/node.exe" 
"C:\Program 
Files\nodejs/node_mo ...
+ ~~~~~~~~~~~~~~~~~~~~~~
~~~~~~~~~~~~~~~~~~~~~~~~
~~~~~~~~~~~~~~~~~~~~~~~
    + CategoryInfo      
        : NotS    
pecified: ([96    
msrc/dashbo...T    
icketTierDto'.:    
String) [], Rem    
oteException
    + FullyQualifie    
dErrorId : Nati    
veCommandError
 

[7m414[0m     async cr
eateTicketTier(userId: 
string, eventId: 
string, dto: 
CreateTicketTierDto) {
[7m   [0m [91m       
                        
                        
          
~~~~~~~~~~~~~~~~~~~[0m
[96msrc/dashboard/busin
ess/event/event.service.
ts[0m:[93m447[0m:[93
m82[0m - 
[91merror[0m[90m 
TS2304: [0mCannot find 
name 
'UpdateTicketTierDto'.

[7m447[0m     async up
dateTicketTier(userId: 
string, eventId: 
string, tierId: string, 
dto: 
UpdateTicketTierDto) {
[7m   [0m [91m       
                        
                        
                        
  
~~~~~~~~~~~~~~~~~~~[0m

Found 2 error(s).

